[escritoriolucrativo.produtoprincipal.com.br/index.html]
[escritoriolucrativo.com.br/wp-content/uploads/2022/07/favicon.png]
[backblue.gif]
[fade.gif]
[index.html]
[app.clonou.com.br/storage/css-site/1834/escritoriolucrativo-1.css]
[app.clonou.com.br/storage/css-site/1834/escritoriolucrativo-2.css]
[app.clonou.com.br/storage/css-site/1834/escritoriolucrativo-3.css]
[app.clonou.com.br/storage/css-site/1834/escritoriolucrativo-4.css]
[app.clonou.com.br/storage/css-site/1834/escritoriolucrativo-5.css]
[app.clonou.com.br/storage/css-site/1834/escritoriolucrativo-6.css]
[app.clonou.com.br/storage/css-site/1834/escritoriolucrativo-7.css]
[app.clonou.com.br/storage/css-site/1834/escritoriolucrativo-8.css]
[app.clonou.com.br/storage/css-site/1834/escritoriolucrativo-9.css]
[app.clonou.com.br/storage/css-site/1834/escritoriolucrativo-10.css]
[app.clonou.com.br/storage/css-site/1834/escritoriolucrativo-11.css]
[app.clonou.com.br/storage/css-site/1834/escritoriolucrativo-12.css]
[escritoriolucrativo.com.br/wp-includes/js/jquery/jquery.mina7a0.js]
[escritoriolucrativo.com.br/wp-includes/js/jquery/jquery-migrate.mind617.js]
[cdnjs.cloudflare.com/ajax/libs/font-awesome/5.15.4/css/all.min.css]
[escritoriolucrativo.produtoprincipal.com.br/fonts/external/elementor-icons.min.css]
[escritoriolucrativo.com.br/wp-content/plugins/elementor-pro/assets/css/widget-animated-headline.min.css]
[escritoriolucrativo.com.br/wp-content/uploads/2022/10/capa-youtube-site.png]
[escritoriolucrativo.com.br/wp-content/uploads/2022/10/cta-pay-1.png]
[escritoriolucrativo.com.br/wp-content/plugins/elementor/assets/css/widget-icon-list.min.css]
[escritoriolucrativo.com.br/wp-content/uploads/2022/10/MAN-TOPO-FINAL-949x1024.png]
[escritoriolucrativo.com.br/wp-content/uploads/2022/10/face-icon-01-1024x1024.png]
[escritoriolucrativo.com.br/wp-content/uploads/2022/10/facion-1024x1024.png]
[escritoriolucrativo.com.br/wp-content/uploads/2022/10/face-icon-02-1024x1024.png]
[escritoriolucrativo.com.br/wp-content/uploads/2022/10/iconface05-1024x1024.png]
[escritoriolucrativo.com.br/wp-content/uploads/2022/10/logo-445px-fnd-transp-1024x1024.png]
[escritoriolucrativo.com.br/wp-content/uploads/2022/10/depo01-ok-300x300.jpg]
[escritoriolucrativo.com.br/wp-content/uploads/2022/10/depo02-ok-300x300.jpg]
[escritoriolucrativo.com.br/wp-content/uploads/2022/10/depo03-ok-300x300.jpg]
[escritoriolucrativo.com.br/wp-content/uploads/2022/10/depo04-ok-300x300.jpg]
[escritoriolucrativo.com.br/wp-content/uploads/2022/10/logo-1153-1-1024x1024.png]
[escritoriolucrativo.com.br/wp-content/uploads/2022/10/campanhas-ipad-1024x933.png]
[escritoriolucrativo.com.br/wp-content/uploads/2022/10/bonus-programa-envio-whatsapp.png]
[escritoriolucrativo.com.br/wp-content/uploads/2022/10/artes-ipad.png]
[escritoriolucrativo.com.br/wp-content/uploads/2022/10/whatsapp-ipad.png]
[escritoriolucrativo.com.br/wp-content/uploads/2022/10/icon-bonus-emagrecimento-1-300x89.png]
[escritoriolucrativo.com.br/wp-content/uploads/2022/10/garantia-7-d-1024x1024.png]
[escritoriolucrativo.com.br/wp-content/plugins/creame-whatsapp-me/public/js/joinchat.min801b.js]
[escritoriolucrativo.com.br/wp-content/plugins/elementor-pro/assets/js/webpack-pro.runtime.min822f.js]
[escritoriolucrativo.com.br/wp-content/plugins/elementor/assets/js/webpack.runtime.minf4e1.js]
[escritoriolucrativo.com.br/wp-content/plugins/elementor/assets/js/frontend-modules.minf4e1.js]
[escritoriolucrativo.com.br/wp-includes/js/dist/vendor/regenerator-runtime.min3937.js]
[escritoriolucrativo.com.br/wp-includes/js/dist/vendor/wp-polyfill.min2c7c.js]
[escritoriolucrativo.com.br/wp-includes/js/dist/hooks.min6c65.js]
[escritoriolucrativo.com.br/wp-includes/js/dist/i18n.mine57b.js]
[escritoriolucrativo.com.br/wp-content/plugins/elementor-pro/assets/js/frontend.min822f.js]
[escritoriolucrativo.com.br/wp-content/plugins/elementor/assets/lib/waypoints/waypoints.min05da.js]
[escritoriolucrativo.com.br/wp-includes/js/jquery/ui/core.min3f14.js]
[escritoriolucrativo.com.br/wp-content/plugins/elementor/assets/js/frontend.minf4e1.js]
[escritoriolucrativo.com.br/wp-content/plugins/elementor-pro/assets/js/elements-handlers.min822f.js]
[escritoriolucrativo.produtoprincipal.com.br/index.html]
[app.clonou.com.br/storage/css-site/1834/escritoriolucrativo-1.css]
[app.clonou.com.br/storage/css-site/1834/escritoriolucrativo-2.css]
[app.clonou.com.br/storage/css-site/1834/escritoriolucrativo-3.css]
[app.clonou.com.br/storage/css-site/1834/escritoriolucrativo-4.css]
[app.clonou.com.br/storage/css-site/1834/escritoriolucrativo-5.css]
[app.clonou.com.br/storage/css-site/1834/escritoriolucrativo-6.css]
[app.clonou.com.br/storage/css-site/1834/escritoriolucrativo-7.css]
[app.clonou.com.br/storage/css-site/1834/escritoriolucrativo-8.css]
[app.clonou.com.br/storage/css-site/1834/escritoriolucrativo-9.css]
[app.clonou.com.br/storage/css-site/1834/escritoriolucrativo-10.css]
[app.clonou.com.br/storage/css-site/1834/escritoriolucrativo-11.css]
[app.clonou.com.br/storage/css-site/1834/escritoriolucrativo-12.css]
[escritoriolucrativo.com.br/wp-includes/js/jquery/jquery.mina7a0.js]
[escritoriolucrativo.com.br/wp-includes/js/jquery/jquery-migrate.mind617.js]
[www.googletagmanager.com/gtm5445.html]
[escritoriolucrativo.produtoprincipal.com.br/wp-content/themes/twentytwentytwo/assets/fonts/source-serif-pro/SourceSerif4Variable-Roman.ttf.html]
[escritoriolucrativo.produtoprincipal.com.br/wp-content/themes/twentytwentytwo/assets/fonts/source-serif-pro/SourceSerif4Variable-Italic.ttf.html]
[cdnjs.cloudflare.com/ajax/libs/font-awesome/5.15.4/css/all.min.css]
[escritoriolucrativo.produtoprincipal.com.br/fonts/external/eicons.eot]
[escritoriolucrativo.produtoprincipal.com.br/fonts/external/eicons.woff2]
[escritoriolucrativo.produtoprincipal.com.br/fonts/external/eicons.woff]
[escritoriolucrativo.produtoprincipal.com.br/fonts/external/eicons.ttf]
[escritoriolucrativo.produtoprincipal.com.br/fonts/external/elementor-icons.min.css]
[escritoriolucrativo.com.br/wp-content/plugins/elementor-pro/assets/css/widget-animated-headline.min.css]
[escritoriolucrativo.com.br/wp-content/plugins/elementor/assets/css/widget-icon-list.min.css]
[escritoriolucrativo.com.br/wp-content/plugins/creame-whatsapp-me/public/js/joinchat.min801b.js]
[escritoriolucrativo.com.br/wp-content/plugins/elementor-pro/assets/js/webpack-pro.runtime.min822f.js]
[escritoriolucrativo.com.br/wp-content/plugins/elementor/assets/js/webpack.runtime.minf4e1.js]
[escritoriolucrativo.com.br/wp-content/plugins/elementor/assets/js/frontend-modules.minf4e1.js]
[escritoriolucrativo.com.br/wp-includes/js/dist/vendor/regenerator-runtime.min3937.js]
[escritoriolucrativo.com.br/wp-includes/js/dist/vendor/wp-polyfill.min2c7c.js]
[escritoriolucrativo.com.br/wp-includes/js/dist/hooks.min6c65.js]
[escritoriolucrativo.com.br/wp-includes/js/dist/i18n.mine57b.js]
[escritoriolucrativo.com.br/wp-content/plugins/elementor-pro/assets/js/frontend.min822f.js]
[escritoriolucrativo.com.br/wp-content/plugins/elementor/assets/lib/waypoints/waypoints.min05da.js]
[escritoriolucrativo.com.br/wp-includes/js/jquery/ui/core.min3f14.js]
[escritoriolucrativo.produtoprincipal.com.br/-negative.html]
[escritoriolucrativo.com.br/wp-content/plugins/elementor/assets/js/frontend.minf4e1.js]
[escritoriolucrativo.com.br/wp-content/plugins/elementor-pro/assets/js/elements-handlers.min822f.js]
[escritoriolucrativo.produtoprincipal.com.br/fonts/external/eicons.html]
[escritoriolucrativo.produtoprincipal.com.br/-negative.html]
[escritoriolucrativo.produtoprincipal.com.br/OPR.html]
[escritoriolucrativo.produtoprincipal.com.br/OPR/index.html]
[escritoriolucrativo.produtoprincipal.com.br/OPR.html]
